2026-02-20 12:45:31 [main] INFO  battleship.Tasks - Navio desconhecido!
2026-02-20 12:45:31 [main] INFO  battleship.Tasks - Navio desconhecido!
2026-02-20 12:45:31 [main] INFO  battleship.Tasks - Navio desconhecido!
2026-02-20 12:45:31 [main] INFO  battleship.Tasks - Navio desconhecido!
2026-02-20 12:45:31 [main] INFO  battleship.Tasks - Navio desconhecido!
2026-02-20 12:45:31 [main] INFO  battleship.Tasks - Navio desconhecido!
2026-02-20 12:45:31 [main] INFO  battleship.Tasks - Navio desconhecido!
2026-02-20 12:45:31 [main] INFO  battleship.Tasks - Navio desconhecido!
2026-02-20 12:45:31 [main] INFO  battleship.Tasks - Navio desconhecido!
2026-02-20 12:45:31 [main] INFO  battleship.Tasks - Navio desconhecido!
2026-02-20 12:49:01 [main] INFO  battleship.Tasks - Navio desconhecido!
2026-02-20 12:49:21 [main] INFO  battleship.Tasks - Navio desconhecido!
2026-02-20 13:00:34 [main] INFO  battleship.Tasks - Navio desconhecido!
2026-02-20 13:00:49 [main] INFO  battleship.Tasks - Falha na criacao de Caravela e Row = H, Column = 9
2026-02-20 13:06:52 [main] INFO  battleship.Tasks - 12 navios adicionados com sucesso!
2026-02-20 13:08:32 [main] INFO  battleship.Tasks - 11 navios adicionados com sucesso!
2026-02-20 13:16:43 [main] INFO  battleship.Tasks - 11 navios adicionados com sucesso!
2026-02-20 13:16:49 [main] INFO  battleship.Tasks - Que comando é esse??? Repete lá ...
2026-02-20 13:17:30 [main] INFO  battleship.Tasks - battleship.Fleet@185a6e9
2026-02-20 13:18:39 [main] INFO  battleship.Tasks - Bons ventos!
2026-02-20 13:19:43 [main] INFO  battleship.Tasks - 11 navios adicionados com sucesso!
2026-02-20 14:48:00 [main] INFO  battleship.Tasks - 11 navios adicionados com sucesso!
2026-02-20 14:49:04 [main] INFO  battleship.Tasks - 11 navios adicionados com sucesso!
2026-02-20 14:49:38 [main] INFO  battleship.Tasks - 11 navios adicionados com sucesso!
2026-02-20 14:49:42 [main] INFO  battleship.Tasks - Que comando é esse??? Repete ...
2026-02-20 14:49:48 [main] INFO  battleship.Tasks - Que comando é esse??? Repete ...
2026-02-20 14:49:50 [main] INFO  battleship.Tasks - Que comando é esse??? Repete ...
2026-02-20 14:55:32 [main] INFO  battleship.Tasks - 11 navios adicionados com sucesso!
2026-02-20 15:01:44 [main] INFO  battleship.Tasks - 11 navios adicionados com sucesso!
2026-02-20 15:02:40 [main] INFO  battleship.Tasks - 11 navios adicionados com sucesso!
2026-02-20 15:03:57 [main] INFO  battleship.Tasks - 11 navios adicionados com sucesso!
2026-02-20 15:04:27 [main] INFO  battleship.Tasks - 11 navios adicionados com sucesso!
2026-02-20 15:11:33 [main] INFO  battleship.Tasks - 11 navios adicionados com sucesso!
2026-02-20 15:12:07 [main] INFO  battleship.Tasks - 11 navios adicionados com sucesso!
2026-02-20 15:12:25 [main] INFO  battleship.Tasks - Hits: 1 Inv: 0 Rep: 0 Restam 11 navios.
2026-02-20 15:22:40 [main] INFO  battleship.Tasks - 11 navios adicionados com sucesso!
2026-02-20 15:22:40 [main] INFO  battleship.Tasks - Hits: 1 Inv: 0 Rep: 0 Restam 11 navios.
2026-02-20 15:23:27 [main] INFO  battleship.Tasks - Que comando é esse??? Repete ...
2026-02-20 15:23:27 [main] INFO  battleship.Tasks - Que comando é esse??? Repete ...
2026-02-20 15:24:37 [main] INFO  battleship.Tasks - 11 navios adicionados com sucesso!
2026-02-20 15:24:37 [main] INFO  battleship.Tasks - Hits: 1 Inv: 0 Rep: 0 Restam 11 navios.
2026-02-20 15:25:04 [main] INFO  battleship.Tasks - Bons ventos!
2026-02-20 15:25:14 [main] INFO  battleship.Tasks - 11 navios adicionados com sucesso!
2026-02-20 15:25:14 [main] INFO  battleship.Tasks - Hits: 1 Inv: 0 Rep: 0 Restam 11 navios.
2026-02-20 15:26:21 [main] INFO  battleship.Tasks - Mas... mas... Barcas nao sao a prova de bala? :-(
2026-02-20 15:27:36 [main] INFO  battleship.Tasks - 11 navios adicionados com sucesso!
2026-02-20 15:27:36 [main] INFO  battleship.Tasks - Hits: 1 Inv: 0 Rep: 0 Restam 11 navios.
2026-02-20 15:27:52 [main] INFO  battleship.Tasks - Mas... mas... Naus nao sao a prova de bala? :-(
2026-02-20 15:27:52 [main] INFO  battleship.Tasks - Hits: 4 Inv: 0 Rep: 0 Restam 10 navios.
2026-02-20 15:28:14 [main] INFO  battleship.Tasks - Que comando é esse??? Repete ...
2026-02-20 15:28:14 [main] INFO  battleship.Tasks - Que comando é esse??? Repete ...
2026-02-20 15:28:29 [main] INFO  battleship.Tasks - Hits: 4 Inv: 0 Rep: 3 Restam 10 navios.
2026-02-20 15:28:54 [main] INFO  battleship.Tasks - Mas... mas... Caravelas nao sao a prova de bala? :-(
2026-02-20 15:28:55 [main] INFO  battleship.Tasks - Mas... mas... Barcas nao sao a prova de bala? :-(
2026-02-20 15:28:55 [main] INFO  battleship.Tasks - Hits: 7 Inv: 0 Rep: 3 Restam 8 navios.
2026-02-20 15:29:24 [main] INFO  battleship.Tasks - Hits: 10 Inv: 0 Rep: 3 Restam 8 navios.
2026-02-20 15:29:40 [main] INFO  battleship.Tasks - Mas... mas... Fragatas nao sao a prova de bala? :-(
2026-02-20 15:30:10 [main] INFO  battleship.Tasks - Mas... mas... Barcas nao sao a prova de bala? :-(
2026-02-20 15:30:13 [main] INFO  battleship.Tasks - Mas... mas... Barcas nao sao a prova de bala? :-(
2026-02-20 15:30:13 [main] INFO  battleship.Tasks - Hits: 13 Inv: 0 Rep: 3 Restam 5 navios.
2026-02-20 15:30:47 [main] INFO  battleship.Tasks - Hits: 16 Inv: 0 Rep: 3 Restam 5 navios.
2026-02-20 15:31:15 [main] INFO  battleship.Tasks - Mas... mas... Caravelas nao sao a prova de bala? :-(
2026-02-20 15:31:15 [main] INFO  battleship.Tasks - Mas... mas... Galeaos nao sao a prova de bala? :-(
2026-02-20 15:31:15 [main] INFO  battleship.Tasks - Hits: 19 Inv: 0 Rep: 3 Restam 3 navios.
2026-02-20 15:31:49 [main] INFO  battleship.Tasks - Mas... mas... Barcas nao sao a prova de bala? :-(
2026-02-20 15:31:49 [main] INFO  battleship.Tasks - Hits: 22 Inv: 0 Rep: 3 Restam 2 navios.
2026-02-20 15:32:08 [main] INFO  battleship.Tasks - Hits: 22 Inv: 0 Rep: 6 Restam 2 navios.
2026-02-20 15:32:41 [main] INFO  battleship.Tasks - Mas... mas... Caravelas nao sao a prova de bala? :-(
2026-02-20 15:32:41 [main] INFO  battleship.Tasks - Mas... mas... Naus nao sao a prova de bala? :-(
2026-02-20 15:32:41 [main] INFO  battleship.Tasks - Hits: 25 Inv: 0 Rep: 6 Restam 0 navios.
2026-02-20 15:32:41 [main] INFO  battleship.Tasks - Maldito sejas, Java Sparrow, eu voltarei, glub glub glub...
2026-02-21 09:57:49 [main] INFO  battleship.Tasks - Bons ventos!
2026-02-21 09:58:39 [main] INFO  battleship.Tasks - Hits: 2 Inv: 0 Rep: 0 Restam 11 navios.
2026-02-21 13:11:23 [main] INFO  battleship.Tasks - Hits: 0 Inv: 0 Rep: 0 Restam 11 navios.
2026-02-21 13:23:11 [main] INFO  battleship.Tasks - Hits: 0 Inv: 0 Rep: 0 Restam 11 navios.
2026-02-21 13:24:46 [main] INFO  battleship.Tasks - Hits: 3 Inv: 0 Rep: 0 Restam 11 navios.
2026-02-21 13:49:45 [main] INFO  battleship.Tasks - Que comando é esse??? Repete ...
2026-02-21 14:03:14 [main] INFO  battleship.Tasks - Que comando é esse??? Repete ...
2026-02-21 14:09:56 [main] INFO  battleship.Tasks - Hits: 1 Inv: 0 Rep: 0 Restam 10 navios.
2026-02-21 14:10:46 [main] INFO  battleship.Tasks - Hits: 1 Inv: 0 Rep: 0 Restam 10 navios.
2026-02-21 14:16:27 [main] INFO  battleship.Tasks - Hits: 1 Inv: 0 Rep: 0 Restam 11 navios.
2026-02-21 14:18:16 [main] INFO  battleship.Tasks - Hits: 1 Inv: 0 Rep: 0 Restam 11 navios.
2026-02-21 14:18:57 [main] INFO  battleship.Tasks - Hits: 4 Inv: 0 Rep: 0 Restam 10 navios.
2026-02-21 15:08:32 [main] INFO  battleship.Tasks - Hits: 3 Inv: 0 Rep: 0 Restam 10 navios.
2026-02-21 15:12:39 [main] INFO  battleship.Tasks - Hits: 3 Inv: 0 Rep: 3 Restam 10 navios.
2026-02-21 15:49:47 [main] INFO  battleship.Tasks - Hits: 0 Inv: 0 Rep: 0 Restam 11 navios.
2026-02-21 15:50:11 [main] INFO  battleship.Tasks - Hits: 1 Inv: 0 Rep: 0 Restam 11 navios.
2026-02-21 15:51:59 [main] INFO  battleship.Tasks - Hits: 3 Inv: 0 Rep: 0 Restam 10 navios.
2026-02-21 15:53:34 [main] INFO  battleship.Tasks - Hits: 3 Inv: 0 Rep: 3 Restam 10 navios.
2026-02-22 13:39:31 [main] INFO  battleship.Tasks - Hits: 3 Inv: 0 Rep: 0 Restam 11 navios.
2026-02-22 15:37:19 [main] INFO  battleship.Tasks - Hits: 0 Inv: 0 Rep: 0 Restam 11 navios.
2026-02-22 16:03:47 [main] INFO  battleship.Tasks - Hits: 1 Inv: 0 Rep: 0 Restam 10 navios.
2026-02-22 16:04:26 [main] INFO  battleship.Tasks - Hits: 4 Inv: 0 Rep: 0 Restam 10 navios.
2026-02-22 16:04:49 [main] INFO  battleship.Tasks - Hits: 4 Inv: 0 Rep: 0 Restam 10 navios.
2026-02-22 16:28:39 [main] INFO  battleship.Tasks - Hits: 1 Inv: 0 Rep: 0 Restam 10 navios.
2026-02-22 16:29:07 [main] INFO  battleship.Tasks - Hits: 1 Inv: 0 Rep: 3 Restam 10 navios.
2026-02-22 17:07:55 [main] INFO  battleship.Tasks - Hits: 1 Inv: 0 Rep: 4 Restam 10 navios.
2026-02-22 17:08:41 [main] INFO  battleship.Tasks - Hits: 3 Inv: 0 Rep: 4 Restam 9 navios.
2026-02-22 18:00:14 [main] INFO  battleship.Tasks - Que comando é esse??? Repete ...
2026-02-22 18:00:14 [main] INFO  battleship.Tasks - Que comando é esse??? Repete ...
2026-02-22 18:00:14 [main] INFO  battleship.Tasks - Que comando é esse??? Repete ...
2026-02-22 18:00:14 [main] INFO  battleship.Tasks - Que comando é esse??? Repete ...
2026-02-24 16:17:45 [main] INFO  battleship.Tasks - Que comando é esse??? Repete ...
2026-02-24 16:17:45 [main] INFO  battleship.Tasks - Que comando é esse??? Repete ...
2026-02-24 16:17:45 [main] INFO  battleship.Tasks - Que comando é esse??? Repete ...
2026-02-24 16:17:45 [main] INFO  battleship.Tasks - Que comando é esse??? Repete ...
2026-02-24 16:21:40 [main] INFO  battleship.Tasks - Maldito sejas, Java Sparrow, eu voltarei, glub glub glub...
2026-02-24 16:33:20 [main] INFO  battleship.Tasks - Bons ventos!
